[emqore0.wordpress.com/index.html]
[backblue.gif]
[fade.gif]
[index.html]
[emqore0.wordpress.com/index.html]
[emqore0.wordpress.com/wp-content/blog-plugins/marketing-bar/css/marketing-bar8f2b.css]
[emqore0.wordpress.com/feed/index.html]
[emqore0.wordpress.com/comments/feed/index.html]
[emqore0.wordpress.com/wp-content/blog-plugins/marketing-bar/css/marketing-bar8f2b.css]
[emqore0.wordpress.com/about/index.html]
[emqore0.wordpress.com/_static/indexd02a.html]
[emqore0.wordpress.com/wp-content/js/rlt-proxye978.js]
[emqore0.wordpress.com/_static/index0ace.html]
[emqore0.wordpress.com/the-creditors/index.html]
[emqore0.wordpress.com/wp-content/themes/h4/globalf753.css]
[emqore0.wordpress.com/the-administrators/index.html]
[emqore0.wordpress.com/debtors/index.html]
[emqore0.wordpress.com/xmlrpc0db0.php]
[emqore0.wordpress.com/osd.xml]
[emqore0.wordpress.com/wp-content/uploads/2025/10/gettyimages-1364054996.jpg]
[emqore0.wordpress.com/about/index.html]
[emqore0.wordpress.com/wp-content/js/bilmur.min00e5.js]
[emqore0.wordpress.com/wp-content/mu-plugins/gravatar-hovercards/wpgrohoe8bd.js]
[emqore0.wordpress.com/the-creditors/index.html]
[emqore0.wordpress.com/the-administrators/index.html]
[emqore0.wordpress.com/debtors/index.html]
[emqore0.wordpress.com/wp-content/mu-plugins/comment-likes/js/comment-likes9835.js]
[emqore0.wordpress.com/wp-content/blog-plugins/marketing-bar/images/wpcom-mark.svg]
[emqore0.wordpress.com/wp-content/plugins/gutenberg-core/v20.6.0/build/block-library/blocks/image/style00e5.css]
[emqore0.wordpress.com/wp-content/blog-plugins/marketing-bar/images/jp-app.svg]
[emqore0.wordpress.com/wp-content/blog-plugins/marketing-bar/images/arrow.svg]
[emqore0.wordpress.com/about/feed/index.html]
[emqore0.wordpress.com/_static/indexbc6b.html]
[emqore0.wordpress.com/wp-content/mu-plugins/jetpack-plugin/moon/jetpack_vendor/automattic/jetpack-forms/dist/modules/form/viewace8.js]
[emqore0.wordpress.com/_static/indexe79c.html]
[emqore0.wordpress.com/wp-content/plugins/gutenberg-core/v20.6.0/build/block-library/blocks/image/style00e5.css]
[emqore0.wordpress.com/wp-content/plugins/gutenberg-core/v20.6.0/build/hooks/index.min0e4e.js]
[emqore0.wordpress.com/_static/indexe044.html]
[emqore0.wordpress.com/wp-content/plugins/gutenberg-core/v20.6.0/build/i18n/index.minb892.js]
[emqore0.wordpress.com/_static/index79e6.html]
[emqore0.wordpress.com/wp-content/plugins/gutenberg-core/v20.6.0/build-module/interactivity/index.min2f0c.js]
[emqore0.wordpress.com/wp-content/uploads/2025/10/istockphoto-453603025-612x612-15eb8.jpg]
[emqore0.wordpress.com/wp-content/uploads/2025/10/justice-scale-and-lady-justice-k7iegk4785mxrnj6.jpg]
[emqore0.wordpress.com/wp-includes/js/dist/vendor/wp-polyfill.min6ae8.js]
[emqore0.wordpress.com/wp-content/mu-plugins/jetpack-plugin/moon/jetpack_vendor/automattic/jetpack-forms/dist/blocks/viewa85c.js]
[emqore0.wordpress.com/wp-content/uploads/2025/10/48e18fc0-6ec5-11f0-b172-55e938a4abab2dff.jpg]
[emqore0.wordpress.com/_static/indexc195.html]
[emqore0.wordpress.com/wp-content/uploads/2025/10/royal_courts_of_justice_sign2d71.jpg]
[emqore0.wordpress.com/wp-content/uploads/2025/10/chatgpt-image-oct-12-2025-at-04_22_54-pm-1.png]
[emqore0.wordpress.com/wp-content/uploads/2025/10/london-coat-of-arms-and-cityscape-22dff.png]
[emqore0.wordpress.com/i/noticons/Noticonsd41d.eot]
[emqore0.wordpress.com/i/noticons/Noticons.ttf]
[emqore0.wordpress.com/i/noticons/Noticons.svg]
